ST7920_lib.c:228:6:ST7920_logo_demonstration	24	static
ST7920_lib.c:257:13:ST7920_Send_command	24	static
ST7920_lib.c:272:13:ST7920_Send_data	24	static
ST7920_lib.c:287:6:ST7920_Init	16	static
ST7920_lib.c:313:6:ST7920_Send_symbol_text	24	static
ST7920_lib.c:345:6:ST7920_Graphic_mode	16	static
ST7920_lib.c:362:6:ST7920_Clean	16	static
ST7920_lib.c:383:6:ST7920_Draw_bitmap	24	static
ST7920_lib.c:420:6:ST7920_Draw_pixel	16	static
ST7920_lib.c:431:6:ST7920_Clean_pixel	16	static
ST7920_lib.c:442:6:ST7920_Update	8	static
ST7920_lib.c:450:6:print_symbol	24	static
ST7920_lib.c:477:6:ST7920_Decode_UTF8	32	static
ST7920_lib.c:556:6:ST7920_Inversion	16	static
ST7920_lib.c:567:6:ST7920_Clean_Frame_buffer	8	static
ST7920_lib.c:573:6:ST7920_Draw_line	48	static
ST7920_lib.c:599:6:ST7920_Draw_rectangle	24	static
ST7920_lib.c:623:6:ST7920_Draw_rectangle_filled	32	static
ST7920_lib.c:646:6:ST7920_Draw_circle	40	static
ST7920_lib.c:686:6:ST7920_Draw_circle_filled	40	static
ST7920_lib.c:723:6:ST7920_Draw_triangle	24	static
ST7920_lib.c:739:6:ST7920_Draw_triangle_filled	56	static
