ST7920_lib.c:225:6:ST7920_logo_demonstration	24	static
ST7920_lib.c:254:13:ST7920_Send_command	24	static,ignoring_inline_asm
ST7920_lib.c:271:13:ST7920_Send_data	24	static,ignoring_inline_asm
ST7920_lib.c:288:6:ST7920_Init	16	static
ST7920_lib.c:314:6:ST7920_Send_symbol_text	24	static
ST7920_lib.c:346:6:ST7920_Graphic_mode	16	static
ST7920_lib.c:363:6:ST7920_Clean	16	static
ST7920_lib.c:384:6:ST7920_Draw_bitmap	24	static
ST7920_lib.c:421:6:ST7920_Draw_pixel	16	static
ST7920_lib.c:432:6:ST7920_Clean_pixel	16	static
ST7920_lib.c:443:6:ST7920_Update	8	static
ST7920_lib.c:451:6:print_symbol	24	static
ST7920_lib.c:478:6:ST7920_Decode_UTF8	32	static
ST7920_lib.c:557:6:ST7920_Inversion	16	static
ST7920_lib.c:568:6:ST7920_Clean_Frame_buffer	8	static
ST7920_lib.c:574:6:ST7920_Draw_line	48	static
ST7920_lib.c:600:6:ST7920_Draw_rectangle	24	static
ST7920_lib.c:624:6:ST7920_Draw_rectangle_filled	32	static
ST7920_lib.c:647:6:ST7920_Draw_circle	40	static
ST7920_lib.c:687:6:ST7920_Draw_circle_filled	40	static
ST7920_lib.c:724:6:ST7920_Draw_triangle	24	static
ST7920_lib.c:740:6:ST7920_Draw_triangle_filled	56	static
