max7219_lib.c:42:6:max7219_Transmit	24	static
max7219_lib.c:56:6:max7219_Shutdown	16	static
max7219_lib.c:64:6:max7219_Display_Test	16	static
max7219_lib.c:71:6:max7219_Display_Clean	8	static
max7219_lib.c:87:6:max7219_Intensity	16	static
max7219_lib.c:94:6:max7219_Init	8	static
max7219_lib.c:108:6:max7219_send_symbol	16	static
max7219_lib.c:122:6:max7219_num	16	static
max7219_lib.c:166:6:max7219_num_point	16	static
max7219_lib.c:212:6:max7219_Send_int32_t	32	static
max7219_lib.c:390:6:max7219_Send_float	40	static
