stm32f1xx_hal_uart.c:314:19:HAL_UART_Init	16	static
stm32f1xx_hal_uart.c:391:19:HAL_HalfDuplex_Init	16	static
stm32f1xx_hal_uart.c:466:19:HAL_LIN_Init	16	static
stm32f1xx_hal_uart.c:549:19:HAL_MultiProcessor_Init	24	static
stm32f1xx_hal_uart.c:628:19:HAL_UART_DeInit	16	static
stm32f1xx_hal_uart.c:672:13:HAL_UART_MspInit	16	static
stm32f1xx_hal_uart.c:687:13:HAL_UART_MspDeInit	16	static
stm32f1xx_hal_uart.c:1027:19:HAL_UART_Transmit	40	static
stm32f1xx_hal_uart.c:1112:19:HAL_UART_Receive	40	static
stm32f1xx_hal_uart.c:1203:19:HAL_UART_Transmit_IT	24	static
stm32f1xx_hal_uart.c:1248:19:HAL_UART_Receive_IT	24	static
stm32f1xx_hal_uart.c:1299:19:HAL_UART_Transmit_DMA	32	static
stm32f1xx_hal_uart.c:1367:19:HAL_UART_Receive_DMA	32	static
stm32f1xx_hal_uart.c:1434:19:HAL_UART_DMAPause	24	static
stm32f1xx_hal_uart.c:1471:19:HAL_UART_DMAResume	24	static
stm32f1xx_hal_uart.c:1507:19:HAL_UART_DMAStop	24	static
stm32f1xx_hal_uart.c:1559:19:HAL_UART_Abort	16	static
stm32f1xx_hal_uart.c:1641:19:HAL_UART_AbortTransmit	16	static
stm32f1xx_hal_uart.c:1692:19:HAL_UART_AbortReceive	16	static
stm32f1xx_hal_uart.c:1746:19:HAL_UART_Abort_IT	24	static
stm32f1xx_hal_uart.c:1874:19:HAL_UART_AbortTransmit_IT	16	static
stm32f1xx_hal_uart.c:1951:19:HAL_UART_AbortReceive_IT	16	static
stm32f1xx_hal_uart.c:2021:6:HAL_UART_IRQHandler	40	static
stm32f1xx_hal_uart.c:2174:13:HAL_UART_TxCpltCallback	16	static
stm32f1xx_hal_uart.c:2189:13:HAL_UART_TxHalfCpltCallback	16	static
stm32f1xx_hal_uart.c:2204:13:HAL_UART_RxCpltCallback	16	static
stm32f1xx_hal_uart.c:2219:13:HAL_UART_RxHalfCpltCallback	16	static
stm32f1xx_hal_uart.c:2234:13:HAL_UART_ErrorCallback	16	static
stm32f1xx_hal_uart.c:2248:13:HAL_UART_AbortCpltCallback	16	static
stm32f1xx_hal_uart.c:2263:13:HAL_UART_AbortTransmitCpltCallback	16	static
stm32f1xx_hal_uart.c:2278:13:HAL_UART_AbortReceiveCpltCallback	16	static
stm32f1xx_hal_uart.c:2317:19:HAL_LIN_SendBreak	16	static
stm32f1xx_hal_uart.c:2344:19:HAL_MultiProcessor_EnterMuteMode	16	static
stm32f1xx_hal_uart.c:2371:19:HAL_MultiProcessor_ExitMuteMode	16	static
stm32f1xx_hal_uart.c:2398:19:HAL_HalfDuplex_EnableTransmitter	24	static
stm32f1xx_hal_uart.c:2433:19:HAL_HalfDuplex_EnableReceiver	24	static
stm32f1xx_hal_uart.c:2490:23:HAL_UART_GetState	24	static
stm32f1xx_hal_uart.c:2505:10:HAL_UART_GetError	16	static
stm32f1xx_hal_uart.c:2549:13:UART_DMATransmitCplt	24	static
stm32f1xx_hal_uart.c:2584:13:UART_DMATxHalfCplt	24	static
stm32f1xx_hal_uart.c:2603:13:UART_DMAReceiveCplt	24	static
stm32f1xx_hal_uart.c:2637:13:UART_DMARxHalfCplt	24	static
stm32f1xx_hal_uart.c:2656:13:UART_DMAError	24	static
stm32f1xx_hal_uart.c:2697:26:UART_WaitOnFlagUntilTimeout	24	static
stm32f1xx_hal_uart.c:2729:13:UART_EndTxTransfer	16	static
stm32f1xx_hal_uart.c:2743:13:UART_EndRxTransfer	16	static
stm32f1xx_hal_uart.c:2760:13:UART_DMAAbortOnError	24	static
stm32f1xx_hal_uart.c:2784:13:UART_DMATxAbortCallback	24	static
stm32f1xx_hal_uart.c:2829:13:UART_DMARxAbortCallback	24	static
stm32f1xx_hal_uart.c:2874:13:UART_DMATxOnlyAbortCallback	24	static
stm32f1xx_hal_uart.c:2902:13:UART_DMARxOnlyAbortCallback	24	static
stm32f1xx_hal_uart.c:2927:26:UART_Transmit_IT	24	static
stm32f1xx_hal_uart.c:2974:26:UART_EndTransmit_IT	16	static
stm32f1xx_hal_uart.c:2999:26:UART_Receive_IT	24	static
stm32f1xx_hal_uart.c:3070:13:UART_SetConfig	24	static
