uart_mqtt_lib.c:96:6:UART_MQTT_init	8	static
uart_mqtt_lib.c:109:6:UART_MQTT_Check_net	8	static
uart_mqtt_lib.c:136:6:UART_MQTT_IDLE_Callback_setting	16	static
uart_mqtt_lib.c:151:6:UART_MQTT_RxCpltCallback_setting	16	static
uart_mqtt_lib.c:166:6:UART_MQTT_Send_data_bool	24	static
uart_mqtt_lib.c:189:6:UART_MQTT_Send_data_int8_t	24	static
uart_mqtt_lib.c:212:6:UART_MQTT_Send_data_uint8_t	24	static
uart_mqtt_lib.c:235:6:UART_MQTT_Send_data_int16_t	24	static
uart_mqtt_lib.c:258:6:UART_MQTT_Send_data_uint16_t	24	static
uart_mqtt_lib.c:281:6:UART_MQTT_Send_data_int32_t	32	static
uart_mqtt_lib.c:300:6:UART_MQTT_Send_data_uint32_t	32	static
uart_mqtt_lib.c:323:6:UART_MQTT_Send_data_float	32	static
uart_mqtt_lib.c:349:6:UART_MQTT_Receive_data_bool	24	static
uart_mqtt_lib.c:359:8:UART_MQTT_Receive_data_int8_t	24	static
uart_mqtt_lib.c:369:9:UART_MQTT_Receive_data_uint8_t	24	static
uart_mqtt_lib.c:379:9:UART_MQTT_Receive_data_int16_t	24	static
uart_mqtt_lib.c:389:10:UART_MQTT_Receive_data_uint16_t	24	static
uart_mqtt_lib.c:399:9:UART_MQTT_Receive_data_int32_t	24	static
uart_mqtt_lib.c:409:10:UART_MQTT_Receive_data_uint32_t	24	static
uart_mqtt_lib.c:419:7:UART_MQTT_Receive_data_float	32	static
uart_mqtt_lib.c:434:6:UART_MQTT_Checksumm_validation	24	static
