stm32f1xx_it.c:82:6:NMI_Handler	4	static
stm32f1xx_it.c:96:6:HardFault_Handler	4	static
stm32f1xx_it.c:111:6:MemManage_Handler	4	static
stm32f1xx_it.c:126:6:BusFault_Handler	4	static
stm32f1xx_it.c:141:6:UsageFault_Handler	4	static
stm32f1xx_it.c:156:6:SVC_Handler	4	static
stm32f1xx_it.c:169:6:DebugMon_Handler	4	static
stm32f1xx_it.c:182:6:PendSV_Handler	4	static
stm32f1xx_it.c:195:6:SysTick_Handler	8	static
stm32f1xx_it.c:216:6:TIM1_UP_IRQHandler	8	static
stm32f1xx_it.c:230:6:TIM2_IRQHandler	8	static
stm32f1xx_it.c:246:6:TIM3_IRQHandler	8	static
