stm32f1xx_hal_pcd.c:128:19:HAL_PCD_Init	64	static
stm32f1xx_hal_pcd.c:246:19:HAL_PCD_DeInit	16	static
stm32f1xx_hal_pcd.c:285:13:HAL_PCD_MspInit	16	static
stm32f1xx_hal_pcd.c:300:13:HAL_PCD_MspDeInit	16	static
stm32f1xx_hal_pcd.c:856:19:HAL_PCD_Start	16	static
stm32f1xx_hal_pcd.c:876:19:HAL_PCD_Stop	16	static
stm32f1xx_hal_pcd.c:1247:6:HAL_PCD_IRQHandler	40	static
stm32f1xx_hal_pcd.c:1365:6:HAL_PCD_WKUP_IRQHandler	16	static
stm32f1xx_hal_pcd.c:1378:13:HAL_PCD_DataOutStageCallback	16	static
stm32f1xx_hal_pcd.c:1395:13:HAL_PCD_DataInStageCallback	16	static
stm32f1xx_hal_pcd.c:1410:13:HAL_PCD_SetupStageCallback	16	static
stm32f1xx_hal_pcd.c:1425:13:HAL_PCD_SOFCallback	16	static
stm32f1xx_hal_pcd.c:1440:13:HAL_PCD_ResetCallback	16	static
stm32f1xx_hal_pcd.c:1455:13:HAL_PCD_SuspendCallback	16	static
stm32f1xx_hal_pcd.c:1470:13:HAL_PCD_ResumeCallback	16	static
stm32f1xx_hal_pcd.c:1486:13:HAL_PCD_ISOOUTIncompleteCallback	16	static
stm32f1xx_hal_pcd.c:1503:13:HAL_PCD_ISOINIncompleteCallback	16	static
stm32f1xx_hal_pcd.c:1519:13:HAL_PCD_ConnectCallback	16	static
stm32f1xx_hal_pcd.c:1534:13:HAL_PCD_DisconnectCallback	16	static
stm32f1xx_hal_pcd.c:1568:19:HAL_PCD_DevConnect	16	static
stm32f1xx_hal_pcd.c:1587:19:HAL_PCD_DevDisconnect	16	static
stm32f1xx_hal_pcd.c:1607:19:HAL_PCD_SetAddress	16	static
stm32f1xx_hal_pcd.c:1624:19:HAL_PCD_EP_Open	24	static
stm32f1xx_hal_pcd.c:1669:19:HAL_PCD_EP_Close	24	static
stm32f1xx_hal_pcd.c:1700:19:HAL_PCD_EP_Receive	32	static
stm32f1xx_hal_pcd.c:1731:10:HAL_PCD_EP_GetRxCount	16	static
stm32f1xx_hal_pcd.c:1743:19:HAL_PCD_EP_Transmit	32	static
stm32f1xx_hal_pcd.c:1778:19:HAL_PCD_EP_SetStall	24	static
stm32f1xx_hal_pcd.c:1821:19:HAL_PCD_EP_ClrStall	24	static
stm32f1xx_hal_pcd.c:1857:19:HAL_PCD_EP_Flush	16	static
stm32f1xx_hal_pcd.c:1880:19:HAL_PCD_ActivateRemoteWakeup	16	static
stm32f1xx_hal_pcd.c:1890:19:HAL_PCD_DeActivateRemoteWakeup	16	static
stm32f1xx_hal_pcd.c:1919:18:HAL_PCD_GetState	16	static
stm32f1xx_hal_pcd.c:2079:26:PCD_EP_ISR_Handler	64	static
stm32f1xx_hal_pcd.c:2314:17:HAL_PCD_EP_DB_Receive	40	static
stm32f1xx_hal_pcd.c:2395:26:HAL_PCD_EP_DB_Transmit	80	static
